sensor_service.c:106:12:safe_aci_gatt_update_char_value	40	static
sensor_service.c:145:12:Add_ConfigW2ST_Service	4	static
sensor_service.c:159:12:Stderr_Update	16	static
sensor_service.c:171:12:Term_Update	16	static
sensor_service.c:182:19:Stderr_Update_AfterRead	4	static
sensor_service.c:193:19:Term_Update_AfterRead	4	static
sensor_service.c:206:12:Config_Notify	16	static
sensor_service.c:217:12:Add_HWServW2ST_Service	64	static
sensor_service.c:273:12:Environmental_Update	24	static
sensor_service.c:284:12:LED_Update	16	static
sensor_service.c:296:6:setConnectable	4	static
sensor_service.c:307:13:GAP_ConnectionComplete_CB	16	static
sensor_service.c:318:13:GAP_DisconnectionComplete_CB	8	static
sensor_service.c:325:13:GAP_Scan	408	static
sensor_service.c:384:6:Read_Request_CB	16	static
sensor_service.c:405:6:Attribute_Modified_CB	984	static
sensor_service.c:715:13:ConfigCommandParsing	16	static
sensor_service.c:726:6:HCI_Event_CB	48	static
