stm32l4xx_it.c:74:6:NMI_Handler	4	static
stm32l4xx_it.c:87:6:HardFault_Handler	4	static
stm32l4xx_it.c:102:6:MemManage_Handler	4	static
stm32l4xx_it.c:117:6:BusFault_Handler	4	static
stm32l4xx_it.c:132:6:UsageFault_Handler	4	static
stm32l4xx_it.c:152:6:DebugMon_Handler	4	static
stm32l4xx_it.c:171:6:SysTick_Handler	8	static
stm32l4xx_it.c:197:6:EXTI9_5_IRQHandler	8	static
stm32l4xx_it.c:211:6:TIM1_UP_TIM16_IRQHandler	8	static
stm32l4xx_it.c:225:6:SPI2_IRQHandler	8	static
stm32l4xx_it.c:235:6:DMA2_Channel2_IRQHandler	8	static
stm32l4xx_it.c:241:6:EXTI2_IRQHandler	8	static
