datalog_application.c:107:9:scan_files	136	static
datalog_application.c:133:9:get_first_file_path	136	static
datalog_application.c:162:6:get_next_file_path	360	static
datalog_application.c:183:10:size_fichero	4680	static
datalog_application.c:194:6:leer_fichero	4688	static
datalog_application.c:218:10:contador_ficheros	376	static
datalog_application.c:254:6:DATALOG_SD_Init	584	static
datalog_application.c:286:6:write_SD	24	static
datalog_application.c:306:9:cerrar_SD	16	static
datalog_application.c:313:6:abrir_SD	16	static
datalog_application.c:320:6:abrir_SD_new	24	static
datalog_application.c:336:6:write_SD_BT	24	static
datalog_application.c:352:6:cerrar_SD_BT	8	static
datalog_application.c:357:6:abrir_SD_BT	8	static
datalog_application.c:363:6:abrir_SD_new_BT	16	static
datalog_application.c:380:6:write_SD_RAW	16	static
datalog_application.c:392:6:cerrar_SD_RAW	4	static
datalog_application.c:397:6:abrir_SD_RAW	4	static
datalog_application.c:402:6:abrir_SD_new_RAW	16	static
datalog_application.c:415:9:DATALOG_SD_Log_Enable	24	static
datalog_application.c:477:9:DATALOG_SD_LogAudio_Enable	4	static
datalog_application.c:489:6:DATALOG_SD_DeInit	8	static
datalog_application.c:499:6:DATALOG_SD_Log_Disable	8	static
datalog_application.c:512:6:DATALOG_SD_LogAudio_Disable	4	static
datalog_application.c:522:6:writeAudio_on_sd	4	static
datalog_application.c:532:6:DATALOG_SD_NewLine	16	static
datalog_application.c:545:6:uSdWriteSpeedTest	24	static
datalog_application.c:562:17:csvProcess_HeaderInit	4	static
datalog_application.c:760:17:WavProcess_HeaderInit	4	static
datalog_application.c:773:17:WavProcess_HeaderUpdate	16	static
datalog_application.c:787:13:floatToInt	32	static
datalog_application.c:807:13:CreateFileName	16	static
