SensorTile_sd.c:151:9:BSP_SD_Init	8	static
SensorTile_sd.c:185:9:BSP_SD_GetCardInfo	24	static
SensorTile_sd.c:210:9:BSP_SD_ReadBlocks	56	static
SensorTile_sd.c:291:9:BSP_SD_WriteBlocks	48	static
SensorTile_sd.c:374:6:HAL_SPI_TxCpltCallback	16	static
SensorTile_sd.c:387:9:SD_GetCSDRegister	40	static
SensorTile_sd.c:521:16:SD_GetCIDRegister	40	static
SensorTile_sd.c:614:16:SD_SendCmd_wResp	16	static
SensorTile_sd.c:627:16:SD_SendCmd	24	static
SensorTile_sd.c:651:16:SD_GetDataResponse	16	static
SensorTile_sd.c:700:9:BSP_SD_GetCardState	4	static
SensorTile_sd.c:710:16:SD_GoIdleState	24	static
SensorTile_sd.c:778:9:BSP_SD_Erase	24	static
