SensorTile_motion_sensors.c:85:9:ACCEL_MOTION_SENSOR_wakeup_Threshold	32	static
SensorTile_motion_sensors.c:123:9:BSP_MOTION_SENSOR_Init	64	static
SensorTile_motion_sensors.c:235:9:BSP_MOTION_SENSOR_DeInit	24	static
SensorTile_motion_sensors.c:261:9:BSP_MOTION_SENSOR_GetCapabilities	24	static
SensorTile_motion_sensors.c:287:9:BSP_MOTION_SENSOR_ReadID	24	static
SensorTile_motion_sensors.c:316:9:BSP_MOTION_SENSOR_Enable	24	static
SensorTile_motion_sensors.c:355:9:BSP_MOTION_SENSOR_Disable	24	static
SensorTile_motion_sensors.c:395:9:BSP_MOTION_SENSOR_GetAxes	32	static
SensorTile_motion_sensors.c:435:9:BSP_MOTION_SENSOR_GetAxesRaw	32	static
SensorTile_motion_sensors.c:475:9:BSP_MOTION_SENSOR_GetSensitivity	32	static
SensorTile_motion_sensors.c:516:9:BSP_MOTION_SENSOR_GetOutputDataRate	32	static
SensorTile_motion_sensors.c:556:9:BSP_MOTION_SENSOR_GetFullScale	32	static
SensorTile_motion_sensors.c:590:9:BSP_MOTION_SENSOR_set_Low_power_Mode	32	static
SensorTile_motion_sensors.c:630:9:BSP_MOTION_SENSOR_SetOutputDataRate	32	static
SensorTile_motion_sensors.c:670:9:BSP_MOTION_SENSOR_SetFullScale	32	static
SensorTile_motion_sensors.c:707:16:LSM6DSM_0_Probe	80	static
SensorTile_motion_sensors.c:782:16:BSP_LSM6DSM_Init	40	static
SensorTile_motion_sensors.c:811:16:BSP_LSM6DSM_DeInit	16	static
SensorTile_motion_sensors.c:831:16:BSP_LSM6DSM_WriteReg	32	static
SensorTile_motion_sensors.c:863:16:BSP_LSM6DSM_ReadReg	32	static
SensorTile_motion_sensors.c:898:6:LSM6DSM_SPI_Read_nBytes	24	static,ignoring_inline_asm
SensorTile_motion_sensors.c:939:6:LSM6DSM_SPI_Read	16	static,ignoring_inline_asm
SensorTile_motion_sensors.c:965:6:LSM6DSM_SPI_Write	16	static
SensorTile_motion_sensors.c:1054:16:LSM303AGR_MAG_0_Probe	80	static
SensorTile_motion_sensors.c:1113:16:BSP_LSM303AGR_Init	40	static
SensorTile_motion_sensors.c:1143:16:BSP_LSM303AGR_DeInit	16	static
SensorTile_motion_sensors.c:1164:16:BSP_LSM303AGR_WriteReg	32	static
SensorTile_motion_sensors.c:1196:16:BSP_LSM303AGR_ReadReg	32	static
SensorTile_motion_sensors.c:1230:6:LSM303AGR_SPI_Read_nBytes	24	static,ignoring_inline_asm
SensorTile_motion_sensors.c:1271:6:LSM303AGR_SPI_Read	16	static,ignoring_inline_asm
SensorTile_motion_sensors.c:1297:6:LSM303AGR_SPI_Write	16	static
